###############################################################################
#
# IAR ELF Linker V7.80.1.11864/W32 for ARM                24/Mar/2017  16:43:01
# Copyright 2007-2016 IAR Systems AB.
#
#    Output file  =  
#        Z:\GitHub\Projet_M2_bis\Board\nrf6310\template_project\iar\Debug\Exe\template_project.out
#    Map file     =  
#        Z:\GitHub\Projet_M2_bis\Board\nrf6310\template_project\iar\Debug\List\template_project.map
#    Command line =  
#        Z:\GitHub\Projet_M2_bis\Board\nrf6310\template_project\iar\Debug\Obj\adc.o
#        Z:\GitHub\Projet_M2_bis\Board\nrf6310\template_project\iar\Debug\Obj\iar_startup_nrf51.o
#        Z:\GitHub\Projet_M2_bis\Board\nrf6310\template_project\iar\Debug\Obj\initialization.o
#        Z:\GitHub\Projet_M2_bis\Board\nrf6310\template_project\iar\Debug\Obj\main.o
#        Z:\GitHub\Projet_M2_bis\Board\nrf6310\template_project\iar\Debug\Obj\radio_config.o
#        Z:\GitHub\Projet_M2_bis\Board\nrf6310\template_project\iar\Debug\Obj\spi_master.o
#        Z:\GitHub\Projet_M2_bis\Board\nrf6310\template_project\iar\Debug\Obj\system_nrf51.o
#        Z:\GitHub\Projet_M2_bis\Board\nrf6310\template_project\iar\Debug\Obj\uart_debug.o
#        --redirect _Printf=_PrintfFull --redirect _Scanf=_ScanfFull -o
#        Z:\GitHub\Projet_M2_bis\Board\nrf6310\template_project\iar\Debug\Exe\template_project.out
#        --map
#        Z:\GitHub\Projet_M2_bis\Board\nrf6310\template_project\iar\Debug\List\template_project.map
#        --config "C:\Program Files (x86)\IAR Systems\Embedded Workbench
#        7.5\arm\config\linker\NordicSemi\nRF51822_QFAA.icf" --semihosting
#        --entry __iar_program_start --inline --vfe
#
###############################################################################

*******************************************************************************
*** RUNTIME MODEL ATTRIBUTES
***

CppFlavor       = *
__SystemLibrary = DLib


*******************************************************************************
*** PLACEMENT SUMMARY
***

"A0":  place at 0x00000000 { ro section .intvec };
"P1":  place in [from 0x00000000 to 0x0003ffff] { ro };
"P2":  place in [from 0x20000000 to 0x20003fff] { rw, block CSTACK, block HEAP };
initialize by copy { rw };
 { section .intvec };

  Section            Kind        Address   Size  Object
  -------            ----        -------   ----  ------
"A0":                                      0xc0
  .intvec            ro code  0x00000000   0xc0  iar_startup_nrf51.o [1]
                            - 0x000000c0   0xc0

"P1":                                     0xf06
  .text              ro code  0x000000c0  0x3c4  main.o [1]
  .text              ro code  0x00000484  0x2dc  initialization.o [1]
  .text              ro code  0x00000760   0xa0  adc.o [1]
  .text              ro code  0x00000800  0x2a0  spi_master.o [1]
  .text              ro code  0x00000aa0   0xe0  I32DivModFast.o [4]
  .text              ro code  0x00000b80  0x22c  radio_config.o [1]
  .text              ro code  0x00000dac   0xf0  system_nrf51.o [1]
  .text              ro code  0x00000e9c   0x3c  packbits_init_single.o [4]
  .text              ro code  0x00000ed8   0x2c  iar_startup_nrf51.o [1]
  .text              ro code  0x00000f04   0x28  data_init.o [4]
  .iar.init_table    const    0x00000f2c   0x10  - Linker created -
  .text              ro code  0x00000f3c   0x1a  cmain.o [4]
  .text              ro code  0x00000f56    0x8  exit.o [3]
  .text              ro code  0x00000f5e    0x2  iar_startup_nrf51.o [1]
  .text              ro code  0x00000f60    0xa  cexit.o [4]
  .text              ro code  0x00000f6a    0x2  iar_startup_nrf51.o [1]
  .text              ro code  0x00000f6c   0x14  exit.o [5]
  .text              ro code  0x00000f80    0xc  cstartup_M.o [4]
  .text              ro code  0x00000f8c    0x2  iar_startup_nrf51.o [1]
  .text              ro code  0x00000f8e    0x2  iar_startup_nrf51.o [1]
  .text              ro code  0x00000f90    0x2  iar_startup_nrf51.o [1]
  .text              ro code  0x00000f92    0x2  iar_startup_nrf51.o [1]
  .text              ro code  0x00000f94    0x2  iar_startup_nrf51.o [1]
  .text              ro code  0x00000f96    0x2  iar_startup_nrf51.o [1]
  .text              ro code  0x00000f98    0x2  iar_startup_nrf51.o [1]
  .text              ro code  0x00000f9a    0x2  iar_startup_nrf51.o [1]
  .text              ro code  0x00000f9c    0x2  iar_startup_nrf51.o [1]
  .text              ro code  0x00000f9e    0x2  iar_startup_nrf51.o [1]
  .text              ro code  0x00000fa0    0x2  iar_startup_nrf51.o [1]
  .text              ro code  0x00000fa2    0x2  iar_startup_nrf51.o [1]
  .text              ro code  0x00000fa4    0x2  iar_startup_nrf51.o [1]
  .text              ro code  0x00000fa6    0x2  iar_startup_nrf51.o [1]
  .text              ro code  0x00000fa8    0x2  iar_startup_nrf51.o [1]
  .text              ro code  0x00000faa    0x2  iar_startup_nrf51.o [1]
  .text              ro code  0x00000fac    0x2  iar_startup_nrf51.o [1]
  .text              ro code  0x00000fae    0x2  iar_startup_nrf51.o [1]
  .text              ro code  0x00000fb0    0x2  iar_startup_nrf51.o [1]
  .text              ro code  0x00000fb2    0x2  iar_startup_nrf51.o [1]
  .text              ro code  0x00000fb4    0x2  iar_startup_nrf51.o [1]
  .text              ro code  0x00000fb6    0x2  iar_startup_nrf51.o [1]
  .text              ro code  0x00000fb8    0x2  iar_startup_nrf51.o [1]
  .text              ro code  0x00000fba    0x2  iar_startup_nrf51.o [1]
  .rodata            const    0x00000fbc    0x0  packbits_init_single.o [4]
  Initializer bytes  const    0x00000fbc    0xa  <for P2-1>
                            - 0x00000fc6  0xf06

"P2", part 1 of 2:                         0x2f
  P2-1                        0x20000000   0x2f  <Init block>
    .data            inited   0x20000000    0x4  system_nrf51.o [1]
    .bss             inited   0x20000004    0xc  main.o [1]
    .bss             inited   0x20000010    0xc  main.o [1]
    .bss             inited   0x2000001c    0xc  main.o [1]
    .bss             inited   0x20000028    0x2  main.o [1]
    .data            inited   0x2000002a    0x1  main.o [1]
    .bss             inited   0x2000002b    0x1  main.o [1]
    .bss             inited   0x2000002c    0x1  main.o [1]
    .bss             inited   0x2000002d    0x1  main.o [1]
    .bss             inited   0x2000002e    0x1  main.o [1]
                            - 0x2000002f   0x2f

"P2", part 2 of 2:                        0x800
  CSTACK                      0x20000030  0x800  <Block>
    CSTACK           uninit   0x20000030  0x800  <Block tail>
                            - 0x20000830  0x800


*******************************************************************************
*** INIT TABLE
***

          Address     Size
          -------     ----
Copy/packbits (__iar_packbits_init_single3)
    1 source range, total size 0xa (21% of destination):
          0x00000fbc   0xa
    1 destination range, total size 0x2f:
          0x20000000  0x2f



*******************************************************************************
*** MODULE SUMMARY
***

    Module                  ro code  ro data  rw data
    ------                  -------  -------  -------
Z:\GitHub\Projet_M2_bis\Board\nrf6310\template_project\iar\Debug\Obj: [1]
    adc.o                       160
    iar_startup_nrf51.o         288
    initialization.o            732
    main.o                      964       10       43
    radio_config.o              556
    spi_master.o                672
    system_nrf51.o              240                 4
    -------------------------------------------------
    Total:                    3 612       10       47

command line: [2]
    -------------------------------------------------
    Total:

dl6M_tln.a: [3]
    exit.o                        8
    -------------------------------------------------
    Total:                        8

rt6M_tl.a: [4]
    I32DivModFast.o             224
    cexit.o                      10
    cmain.o                      26
    cstartup_M.o                 12
    data_init.o                  40
    packbits_init_single.o       60
    -------------------------------------------------
    Total:                      372

shb_l.a: [5]
    exit.o                       20
    -------------------------------------------------
    Total:                       20

    Linker created                        16    2 048
-----------------------------------------------------
    Grand Total:              4 012       26    2 095


*******************************************************************************
*** ENTRY LIST
***

Entry                      Address   Size  Type      Object
-----                      -------   ----  ----      ------
.iar.init_table$$Base   0x00000f2c          --   Gb  - Linker created -
.iar.init_table$$Limit  0x00000f3c          --   Gb  - Linker created -
?main                   0x00000f3d         Code  Gb  cmain.o [4]
CSTACK$$Base            0x20000030          --   Gb  - Linker created -
CSTACK$$Limit           0x20000830          --   Gb  - Linker created -
GPIOTE_IRQHandler       0x000001c5   0x1a  Code  Gb  main.o [1]
IMU_OFF                 0x000009d5    0xc  Code  Gb  spi_master.o [1]
IMU_ON                  0x000009e1   0x14  Code  Gb  spi_master.o [1]
NVIC_DisableIRQ         0x000000cf    0xe  Code  Lc  main.o [1]
NVIC_EnableIRQ          0x000000c1    0xe  Code  Lc  main.o [1]
Region$$Table$$Base     0x00000f2c          --   Gb  - Linker created -
Region$$Table$$Limit    0x00000f3c          --   Gb  - Linker created -
SystemCoreClock         0x20000000    0x4  Data  Gb  system_nrf51.o [1]
SystemInit              0x00000dad   0x28  Code  Gb  system_nrf51.o [1]
TIMER0_IRQHandler       0x00000243   0x5a  Code  Gb  main.o [1]
TIMER0_IRQHandler::LED_on
                        0x2000002d    0x1  Data  Lc  main.o [1]
TIMER1_IRQHandler       0x000001df   0x64  Code  Gb  main.o [1]
TIMER1_IRQHandler::sleep_count
                        0x2000002c    0x1  Data  Lc  main.o [1]
TIMER2_IRQHandler       0x000002c5  0x168  Code  Gb  main.o [1]
TIMER2_IRQHandler{1}{2}::adc_count
                        0x20000028    0x2  Data  Lc  main.o [1]
TIMER2_IRQHandler{1}{2}::adc_value
                        0x2000002e    0x1  Data  Lc  main.o [1]
__Vectors               0x00000000          --   Gb  iar_startup_nrf51.o [1]
__Vectors_End           0x000000c0         Data  Gb  iar_startup_nrf51.o [1]
__Vectors_Size {Abs}    0x000000c0          --   Gb  iar_startup_nrf51.o [1]
__aeabi_idiv            0x00000acd         Code  Gb  I32DivModFast.o [4]
__aeabi_idivmod         0x00000acd         Code  Gb  I32DivModFast.o [4]
__aeabi_uidiv           0x00000ad3         Code  Gb  I32DivModFast.o [4]
__aeabi_uidivmod        0x00000ad3         Code  Gb  I32DivModFast.o [4]
__cmain                 0x00000f3d         Code  Gb  cmain.o [4]
__exit                  0x00000f6d   0x14  Code  Gb  exit.o [5]
__iar_data_init3        0x00000f05   0x28  Code  Gb  data_init.o [4]
__iar_packbits_init_single3
                        0x00000e9d   0x3c  Code  Gb  packbits_init_single.o [4]
__iar_program_start     0x00000f81         Code  Gb  cstartup_M.o [4]
__vector_table          0x00000000         Data  Gb  iar_startup_nrf51.o [1]
_call_main              0x00000f49         Code  Gb  cmain.o [4]
_exit                   0x00000f61         Code  Gb  cexit.o [4]
_main                   0x00000f53         Code  Gb  cmain.o [4]
exit                    0x00000f57    0x8  Code  Gb  exit.o [3]
gpiot_init              0x000004cb  0x166  Code  Gb  initialization.o [1]
init_IMU                0x000009c1   0x14  Code  Gb  spi_master.o [1]
init_adc                0x00000793   0x10  Code  Gb  adc.o [1]
is_disabled_in_debug_needed
                        0x00000e45   0x38  Code  Lc  system_nrf51.o [1]
is_manual_peripheral_setup_needed
                        0x00000dd5   0x70  Code  Lc  system_nrf51.o [1]
main                    0x0000010f   0xb6  Code  Gb  main.o [1]
nrf_delay_us            0x00000775   0x1e  Code  Lc  adc.o [1]
nrf_delay_us            0x000004ad   0x1e  Code  Lc  initialization.o [1]
nrf_delay_us            0x000000f1   0x1e  Code  Lc  main.o [1]
nrf_gpio_cfg_input      0x00000491   0x12  Code  Lc  initialization.o [1]
nrf_gpio_cfg_input      0x0000080d   0x12  Code  Lc  spi_master.o [1]
nrf_gpio_cfg_output     0x00000485    0xc  Code  Lc  initialization.o [1]
nrf_gpio_cfg_output     0x00000801    0xc  Code  Lc  spi_master.o [1]
nrf_gpio_pin_clear      0x0000076b    0xa  Code  Lc  adc.o [1]
nrf_gpio_pin_clear      0x000004a3    0xa  Code  Lc  initialization.o [1]
nrf_gpio_pin_clear      0x000000e7    0xa  Code  Lc  main.o [1]
nrf_gpio_pin_clear      0x00000829    0xa  Code  Lc  spi_master.o [1]
nrf_gpio_pin_set        0x00000761    0xa  Code  Lc  adc.o [1]
nrf_gpio_pin_set        0x000000dd    0xa  Code  Lc  main.o [1]
nrf_gpio_pin_set        0x0000081f    0xa  Code  Lc  spi_master.o [1]
radio_configure         0x00000bef   0xe0  Code  Gb  radio_config.o [1]
read_ac_value           0x00000a37   0x6a  Code  Gb  spi_master.o [1]
rf_send                 0x00000ccf   0x6e  Code  Gb  radio_config.o [1]
sample_count            0x2000002a    0x1  Data  Gb  main.o [1]
spi_master_init         0x00000833   0xe6  Code  Gb  spi_master.o [1]
spi_master_tx_rx        0x00000919   0x84  Code  Gb  spi_master.o [1]
start                   0x2000002b    0x1  Data  Gb  main.o [1]
start_sampling          0x000007a3   0x38  Code  Gb  adc.o [1]
swap_bits               0x00000b81   0x2e  Code  Lc  radio_config.o [1]
swap_bytes              0x00000baf   0x40  Code  Lc  radio_config.o [1]
timerADC_init           0x000006a7   0x3a  Code  Gb  initialization.o [1]
timerSPI_init           0x0000066b   0x3c  Code  Gb  initialization.o [1]
timerVib_init           0x00000631   0x3a  Code  Gb  initialization.o [1]
write_data              0x000009f5   0x42  Code  Gb  spi_master.o [1]
x_acc_samples           0x20000004    0xc  Data  Lc  main.o [1]
y_acc_samples           0x20000010    0xc  Data  Lc  main.o [1]
z_acc_samples           0x2000001c    0xc  Data  Lc  main.o [1]


[1] = Z:\GitHub\Projet_M2_bis\Board\nrf6310\template_project\iar\Debug\Obj
[2] = command line
[3] = dl6M_tln.a
[4] = rt6M_tl.a
[5] = shb_l.a

  4 012 bytes of readonly  code memory
     26 bytes of readonly  data memory
  2 095 bytes of readwrite data memory

Errors: none
Warnings: none
