###############################################################################
#
# IAR ELF Linker V7.80.1.11864/W32 for ARM                20/Mar/2017  10:49:23
# Copyright 2007-2016 IAR Systems AB.
#
#    Output file  =  
#        Z:\GitHub\Projet_M2_bis\Board\nrf6310\template_project\iar\Debug\Exe\template_project.out
#    Map file     =  
#        Z:\GitHub\Projet_M2_bis\Board\nrf6310\template_project\iar\Debug\List\template_project.map
#    Command line =  
#        Z:\GitHub\Projet_M2_bis\Board\nrf6310\template_project\iar\Debug\Obj\adc.o
#        Z:\GitHub\Projet_M2_bis\Board\nrf6310\template_project\iar\Debug\Obj\iar_startup_nrf51.o
#        Z:\GitHub\Projet_M2_bis\Board\nrf6310\template_project\iar\Debug\Obj\initialization.o
#        Z:\GitHub\Projet_M2_bis\Board\nrf6310\template_project\iar\Debug\Obj\main.o
#        Z:\GitHub\Projet_M2_bis\Board\nrf6310\template_project\iar\Debug\Obj\radio_config.o
#        Z:\GitHub\Projet_M2_bis\Board\nrf6310\template_project\iar\Debug\Obj\spi_master.o
#        Z:\GitHub\Projet_M2_bis\Board\nrf6310\template_project\iar\Debug\Obj\system_nrf51.o
#        Z:\GitHub\Projet_M2_bis\Board\nrf6310\template_project\iar\Debug\Obj\uart_debug.o
#        --redirect _Printf=_PrintfFull --redirect _Scanf=_ScanfFull -o
#        Z:\GitHub\Projet_M2_bis\Board\nrf6310\template_project\iar\Debug\Exe\template_project.out
#        --map
#        Z:\GitHub\Projet_M2_bis\Board\nrf6310\template_project\iar\Debug\List\template_project.map
#        --config "C:\Program Files (x86)\IAR Systems\Embedded Workbench
#        7.5\arm\config\linker\NordicSemi\nRF51822_QFAA.icf" --semihosting
#        --entry __iar_program_start --inline --vfe
#
###############################################################################

*******************************************************************************
*** RUNTIME MODEL ATTRIBUTES
***

CppFlavor       = *
__SystemLibrary = DLib


*******************************************************************************
*** PLACEMENT SUMMARY
***

"A0":  place at 0x00000000 { ro section .intvec };
"P1":  place in [from 0x00000000 to 0x0003ffff] { ro };
"P2":  place in [from 0x20000000 to 0x20003fff] { rw, block CSTACK, block HEAP };
initialize by copy { rw };
 { section .intvec };

  Section            Kind        Address   Size  Object
  -------            ----        -------   ----  ------
"A0":                                      0xc0
  .intvec            ro code  0x00000000   0xc0  iar_startup_nrf51.o [1]
                            - 0x000000c0   0xc0

"P1":                                     0xef2
  .text              ro code  0x000000c0  0x3cc  main.o [1]
  .text              ro code  0x0000048c  0x2b0  initialization.o [1]
  .text              ro code  0x0000073c   0xa0  adc.o [1]
  .text              ro code  0x000007dc  0x2a0  spi_master.o [1]
  .text              ro code  0x00000a7c   0xe0  I32DivModFast.o [4]
  .text              ro code  0x00000b5c  0x23c  radio_config.o [1]
  .text              ro code  0x00000d98   0xf0  system_nrf51.o [1]
  .text              ro code  0x00000e88   0x3c  packbits_init_single.o [4]
  .text              ro code  0x00000ec4   0x2c  iar_startup_nrf51.o [1]
  .text              ro code  0x00000ef0   0x28  data_init.o [4]
  .iar.init_table    const    0x00000f18   0x10  - Linker created -
  .text              ro code  0x00000f28   0x1a  cmain.o [4]
  .text              ro code  0x00000f42    0x8  exit.o [3]
  .text              ro code  0x00000f4a    0x2  iar_startup_nrf51.o [1]
  .text              ro code  0x00000f4c    0xa  cexit.o [4]
  .text              ro code  0x00000f56    0x2  iar_startup_nrf51.o [1]
  .text              ro code  0x00000f58   0x14  exit.o [5]
  .text              ro code  0x00000f6c    0xc  cstartup_M.o [4]
  .text              ro code  0x00000f78    0x2  iar_startup_nrf51.o [1]
  .text              ro code  0x00000f7a    0x2  iar_startup_nrf51.o [1]
  .text              ro code  0x00000f7c    0x2  iar_startup_nrf51.o [1]
  .text              ro code  0x00000f7e    0x2  iar_startup_nrf51.o [1]
  .text              ro code  0x00000f80    0x2  iar_startup_nrf51.o [1]
  .text              ro code  0x00000f82    0x2  iar_startup_nrf51.o [1]
  .text              ro code  0x00000f84    0x2  iar_startup_nrf51.o [1]
  .text              ro code  0x00000f86    0x2  iar_startup_nrf51.o [1]
  .text              ro code  0x00000f88    0x2  iar_startup_nrf51.o [1]
  .text              ro code  0x00000f8a    0x2  iar_startup_nrf51.o [1]
  .text              ro code  0x00000f8c    0x2  iar_startup_nrf51.o [1]
  .text              ro code  0x00000f8e    0x2  iar_startup_nrf51.o [1]
  .text              ro code  0x00000f90    0x2  iar_startup_nrf51.o [1]
  .text              ro code  0x00000f92    0x2  iar_startup_nrf51.o [1]
  .text              ro code  0x00000f94    0x2  iar_startup_nrf51.o [1]
  .text              ro code  0x00000f96    0x2  iar_startup_nrf51.o [1]
  .text              ro code  0x00000f98    0x2  iar_startup_nrf51.o [1]
  .text              ro code  0x00000f9a    0x2  iar_startup_nrf51.o [1]
  .text              ro code  0x00000f9c    0x2  iar_startup_nrf51.o [1]
  .text              ro code  0x00000f9e    0x2  iar_startup_nrf51.o [1]
  .text              ro code  0x00000fa0    0x2  iar_startup_nrf51.o [1]
  .text              ro code  0x00000fa2    0x2  iar_startup_nrf51.o [1]
  .text              ro code  0x00000fa4    0x2  iar_startup_nrf51.o [1]
  .text              ro code  0x00000fa6    0x2  iar_startup_nrf51.o [1]
  .rodata            const    0x00000fa8    0x0  packbits_init_single.o [4]
  Initializer bytes  const    0x00000fa8    0xa  <for P2-1>
                            - 0x00000fb2  0xef2

"P2", part 1 of 2:                         0x47
  P2-1                        0x20000000   0x47  <Init block>
    .data            inited   0x20000000    0x4  system_nrf51.o [1]
    .bss             inited   0x20000004   0x14  main.o [1]
    .bss             inited   0x20000018   0x14  main.o [1]
    .bss             inited   0x2000002c   0x14  main.o [1]
    .bss             inited   0x20000040    0x2  main.o [1]
    .data            inited   0x20000042    0x1  main.o [1]
    .bss             inited   0x20000043    0x1  main.o [1]
    .bss             inited   0x20000044    0x1  main.o [1]
    .bss             inited   0x20000045    0x1  main.o [1]
    .bss             inited   0x20000046    0x1  main.o [1]
                            - 0x20000047   0x47

"P2", part 2 of 2:                        0x800
  CSTACK                      0x20000048  0x800  <Block>
    CSTACK           uninit   0x20000048  0x800  <Block tail>
                            - 0x20000848  0x800


*******************************************************************************
*** INIT TABLE
***

          Address     Size
          -------     ----
Copy/packbits (__iar_packbits_init_single3)
    1 source range, total size 0xa (14% of destination):
          0x00000fa8   0xa
    1 destination range, total size 0x47:
          0x20000000  0x47



*******************************************************************************
*** MODULE SUMMARY
***

    Module                  ro code  ro data  rw data
    ------                  -------  -------  -------
Z:\GitHub\Projet_M2_bis\Board\nrf6310\template_project\iar\Debug\Obj: [1]
    adc.o                       160
    iar_startup_nrf51.o         288
    initialization.o            688
    main.o                      972       10       67
    radio_config.o              572
    spi_master.o                672
    system_nrf51.o              240                 4
    -------------------------------------------------
    Total:                    3 592       10       71

command line: [2]
    -------------------------------------------------
    Total:

dl6M_tln.a: [3]
    exit.o                        8
    -------------------------------------------------
    Total:                        8

rt6M_tl.a: [4]
    I32DivModFast.o             224
    cexit.o                      10
    cmain.o                      26
    cstartup_M.o                 12
    data_init.o                  40
    packbits_init_single.o       60
    -------------------------------------------------
    Total:                      372

shb_l.a: [5]
    exit.o                       20
    -------------------------------------------------
    Total:                       20

    Linker created                        16    2 048
-----------------------------------------------------
    Grand Total:              3 992       26    2 119


*******************************************************************************
*** ENTRY LIST
***

Entry                      Address   Size  Type      Object
-----                      -------   ----  ----      ------
.iar.init_table$$Base   0x00000f18          --   Gb  - Linker created -
.iar.init_table$$Limit  0x00000f28          --   Gb  - Linker created -
?main                   0x00000f29         Code  Gb  cmain.o [4]
CSTACK$$Base            0x20000048          --   Gb  - Linker created -
CSTACK$$Limit           0x20000848          --   Gb  - Linker created -
GPIOTE_IRQHandler       0x000001c5   0x1a  Code  Gb  main.o [1]
IMU_OFF                 0x000009a9   0x14  Code  Gb  spi_master.o [1]
IMU_ON                  0x000009bd   0x14  Code  Gb  spi_master.o [1]
NVIC_DisableIRQ         0x000000cf    0xe  Code  Lc  main.o [1]
NVIC_EnableIRQ          0x000000c1    0xe  Code  Lc  main.o [1]
Region$$Table$$Base     0x00000f18          --   Gb  - Linker created -
Region$$Table$$Limit    0x00000f28          --   Gb  - Linker created -
SystemCoreClock         0x20000000    0x4  Data  Gb  system_nrf51.o [1]
SystemInit              0x00000d99   0x28  Code  Gb  system_nrf51.o [1]
TIMER0_IRQHandler       0x00000243   0x5a  Code  Gb  main.o [1]
TIMER0_IRQHandler::LED_on
                        0x20000045    0x1  Data  Lc  main.o [1]
TIMER1_IRQHandler       0x000001df   0x64  Code  Gb  main.o [1]
TIMER1_IRQHandler::sleep_count
                        0x20000044    0x1  Data  Lc  main.o [1]
TIMER2_IRQHandler       0x000002cd  0x168  Code  Gb  main.o [1]
TIMER2_IRQHandler{1}{2}::adc_count
                        0x20000040    0x2  Data  Lc  main.o [1]
TIMER2_IRQHandler{1}{2}::adc_value
                        0x20000046    0x1  Data  Lc  main.o [1]
__Vectors               0x00000000          --   Gb  iar_startup_nrf51.o [1]
__Vectors_End           0x000000c0         Data  Gb  iar_startup_nrf51.o [1]
__Vectors_Size {Abs}    0x000000c0          --   Gb  iar_startup_nrf51.o [1]
__aeabi_idiv            0x00000aa9         Code  Gb  I32DivModFast.o [4]
__aeabi_idivmod         0x00000aa9         Code  Gb  I32DivModFast.o [4]
__aeabi_uidiv           0x00000aaf         Code  Gb  I32DivModFast.o [4]
__aeabi_uidivmod        0x00000aaf         Code  Gb  I32DivModFast.o [4]
__cmain                 0x00000f29         Code  Gb  cmain.o [4]
__exit                  0x00000f59   0x14  Code  Gb  exit.o [5]
__iar_data_init3        0x00000ef1   0x28  Code  Gb  data_init.o [4]
__iar_packbits_init_single3
                        0x00000e89   0x3c  Code  Gb  packbits_init_single.o [4]
__iar_program_start     0x00000f6d         Code  Gb  cstartup_M.o [4]
__vector_table          0x00000000         Data  Gb  iar_startup_nrf51.o [1]
_call_main              0x00000f35         Code  Gb  cmain.o [4]
_exit                   0x00000f4d         Code  Gb  cexit.o [4]
_main                   0x00000f3f         Code  Gb  cmain.o [4]
exit                    0x00000f43    0x8  Code  Gb  exit.o [3]
gpiot_init              0x000004c3  0x148  Code  Gb  initialization.o [1]
init_IMU                0x0000099d    0xc  Code  Gb  spi_master.o [1]
init_adc                0x0000076f   0x10  Code  Gb  adc.o [1]
is_disabled_in_debug_needed
                        0x00000e31   0x38  Code  Lc  system_nrf51.o [1]
is_manual_peripheral_setup_needed
                        0x00000dc1   0x70  Code  Lc  system_nrf51.o [1]
main                    0x0000010f   0xb6  Code  Gb  main.o [1]
nrf_delay_us            0x00000751   0x1e  Code  Lc  adc.o [1]
nrf_delay_us            0x000004a5   0x1e  Code  Lc  initialization.o [1]
nrf_delay_us            0x000000f1   0x1e  Code  Lc  main.o [1]
nrf_gpio_cfg_input      0x000007e9   0x12  Code  Lc  spi_master.o [1]
nrf_gpio_cfg_output     0x0000048d    0xc  Code  Lc  initialization.o [1]
nrf_gpio_cfg_output     0x000007dd    0xc  Code  Lc  spi_master.o [1]
nrf_gpio_pin_clear      0x00000747    0xa  Code  Lc  adc.o [1]
nrf_gpio_pin_clear      0x00000499    0xa  Code  Lc  initialization.o [1]
nrf_gpio_pin_clear      0x000000e7    0xa  Code  Lc  main.o [1]
nrf_gpio_pin_clear      0x00000805    0xa  Code  Lc  spi_master.o [1]
nrf_gpio_pin_set        0x0000073d    0xa  Code  Lc  adc.o [1]
nrf_gpio_pin_set        0x000000dd    0xa  Code  Lc  main.o [1]
nrf_gpio_pin_set        0x000007fb    0xa  Code  Lc  spi_master.o [1]
nrf_gpio_pin_toggle     0x00000b5d   0x10  Code  Lc  radio_config.o [1]
radio_configure         0x00000bdb   0xe0  Code  Gb  radio_config.o [1]
read_ac_value           0x00000a13   0x6a  Code  Gb  spi_master.o [1]
rf_send                 0x00000cbb   0x6e  Code  Gb  radio_config.o [1]
sample_count            0x20000042    0x1  Data  Gb  main.o [1]
spi_master_init         0x0000080f   0xe6  Code  Gb  spi_master.o [1]
spi_master_tx_rx        0x000008f5   0x84  Code  Gb  spi_master.o [1]
start                   0x20000043    0x1  Data  Gb  main.o [1]
start_sampling          0x0000077f   0x38  Code  Gb  adc.o [1]
swap_bits               0x00000b6d   0x2e  Code  Lc  radio_config.o [1]
swap_bytes              0x00000b9b   0x40  Code  Lc  radio_config.o [1]
timerADC_init           0x00000681   0x3a  Code  Gb  initialization.o [1]
timerSPI_init           0x00000645   0x3c  Code  Gb  initialization.o [1]
timerVib_init           0x0000060b   0x3a  Code  Gb  initialization.o [1]
write_data              0x000009d1   0x42  Code  Gb  spi_master.o [1]
x_acc_samples           0x20000004   0x14  Data  Lc  main.o [1]
y_acc_samples           0x20000018   0x14  Data  Lc  main.o [1]
z_acc_samples           0x2000002c   0x14  Data  Lc  main.o [1]


[1] = Z:\GitHub\Projet_M2_bis\Board\nrf6310\template_project\iar\Debug\Obj
[2] = command line
[3] = dl6M_tln.a
[4] = rt6M_tl.a
[5] = shb_l.a

  3 992 bytes of readonly  code memory
     26 bytes of readonly  data memory
  2 119 bytes of readwrite data memory

Errors: none
Warnings: none
