###############################################################################
#
# IAR ELF Linker V7.80.1.11864/W32 for ARM                08/Feb/2017  17:42:52
# Copyright 2007-2016 IAR Systems AB.
#
#    Output file  =  
#        C:\Users\CYRIM\Documents\GitHub\Projet_M2_bis\Board\nrf6310\template_project\iar\Debug\Exe\template_project.out
#    Map file     =  
#        C:\Users\CYRIM\Documents\GitHub\Projet_M2_bis\Board\nrf6310\template_project\iar\Debug\List\template_project.map
#    Command line =  
#        C:\Users\CYRIM\Documents\GitHub\Projet_M2_bis\Board\nrf6310\template_project\iar\Debug\Obj\adc.o
#        C:\Users\CYRIM\Documents\GitHub\Projet_M2_bis\Board\nrf6310\template_project\iar\Debug\Obj\iar_startup_nrf51.o
#        C:\Users\CYRIM\Documents\GitHub\Projet_M2_bis\Board\nrf6310\template_project\iar\Debug\Obj\initialization.o
#        C:\Users\CYRIM\Documents\GitHub\Projet_M2_bis\Board\nrf6310\template_project\iar\Debug\Obj\main.o
#        C:\Users\CYRIM\Documents\GitHub\Projet_M2_bis\Board\nrf6310\template_project\iar\Debug\Obj\radio_config.o
#        C:\Users\CYRIM\Documents\GitHub\Projet_M2_bis\Board\nrf6310\template_project\iar\Debug\Obj\spi_master.o
#        C:\Users\CYRIM\Documents\GitHub\Projet_M2_bis\Board\nrf6310\template_project\iar\Debug\Obj\system_nrf51.o
#        C:\Users\CYRIM\Documents\GitHub\Projet_M2_bis\Board\nrf6310\template_project\iar\Debug\Obj\uart_debug.o
#        --redirect _Printf=_PrintfFull --redirect _Scanf=_ScanfFull -o
#        C:\Users\CYRIM\Documents\GitHub\Projet_M2_bis\Board\nrf6310\template_project\iar\Debug\Exe\template_project.out
#        --map
#        C:\Users\CYRIM\Documents\GitHub\Projet_M2_bis\Board\nrf6310\template_project\iar\Debug\List\template_project.map
#        --config "C:\Program Files (x86)\IAR Systems\Embedded Workbench
#        7.5\arm\config\linker\NordicSemi\nRF51822_QFAA.icf" --semihosting
#        --entry __iar_program_start --inline --vfe
#
###############################################################################

*******************************************************************************
*** RUNTIME MODEL ATTRIBUTES
***

CppFlavor       = *
__SystemLibrary = DLib


*******************************************************************************
*** PLACEMENT SUMMARY
***

"A0":  place at 0x00000000 { ro section .intvec };
"P1":  place in [from 0x00000000 to 0x0003ffff] { ro };
"P2":  place in [from 0x20000000 to 0x20003fff] { rw, block CSTACK, block HEAP };
initialize by copy { rw };
 { section .intvec };

  Section            Kind        Address   Size  Object
  -------            ----        -------   ----  ------
"A0":                                      0xc0
  .intvec            ro code  0x00000000   0xc0  iar_startup_nrf51.o [1]
                            - 0x000000c0   0xc0

"P1":                                     0xd12
  .text              ro code  0x000000c0  0x2ac  spi_master.o [1]
  .text              ro code  0x0000036c  0x290  main.o [1]
  .text              ro code  0x000005fc  0x1f0  initialization.o [1]
  .text              ro code  0x000007ec   0x7c  uart_debug.o [1]
  .text              ro code  0x00000868   0xe0  I32DivModFast.o [4]
  .text              ro code  0x00000948  0x264  radio_config.o [1]
  .text              ro code  0x00000bac   0xf0  system_nrf51.o [1]
  .text              ro code  0x00000c9c   0x3c  packbits_init_single.o [4]
  .text              ro code  0x00000cd8   0x2c  iar_startup_nrf51.o [1]
  .text              ro code  0x00000d04   0x28  data_init.o [4]
  .iar.init_table    const    0x00000d2c   0x10  - Linker created -
  .text              ro code  0x00000d3c   0x1a  cmain.o [4]
  .text              ro code  0x00000d56    0x8  exit.o [3]
  .text              ro code  0x00000d5e    0x2  iar_startup_nrf51.o [1]
  .text              ro code  0x00000d60    0xa  cexit.o [4]
  .text              ro code  0x00000d6a    0x2  iar_startup_nrf51.o [1]
  .text              ro code  0x00000d6c   0x14  exit.o [5]
  .text              ro code  0x00000d80    0xc  cstartup_M.o [4]
  .rodata            const    0x00000d8c    0x8  main.o [1]
  .text              ro code  0x00000d94    0x2  iar_startup_nrf51.o [1]
  .text              ro code  0x00000d96    0x2  iar_startup_nrf51.o [1]
  .text              ro code  0x00000d98    0x2  iar_startup_nrf51.o [1]
  .text              ro code  0x00000d9a    0x2  iar_startup_nrf51.o [1]
  .text              ro code  0x00000d9c    0x2  iar_startup_nrf51.o [1]
  .text              ro code  0x00000d9e    0x2  iar_startup_nrf51.o [1]
  .text              ro code  0x00000da0    0x2  iar_startup_nrf51.o [1]
  .text              ro code  0x00000da2    0x2  iar_startup_nrf51.o [1]
  .text              ro code  0x00000da4    0x2  iar_startup_nrf51.o [1]
  .text              ro code  0x00000da6    0x2  iar_startup_nrf51.o [1]
  .text              ro code  0x00000da8    0x2  iar_startup_nrf51.o [1]
  .text              ro code  0x00000daa    0x2  iar_startup_nrf51.o [1]
  .text              ro code  0x00000dac    0x2  iar_startup_nrf51.o [1]
  .text              ro code  0x00000dae    0x2  iar_startup_nrf51.o [1]
  .text              ro code  0x00000db0    0x2  iar_startup_nrf51.o [1]
  .text              ro code  0x00000db2    0x2  iar_startup_nrf51.o [1]
  .text              ro code  0x00000db4    0x2  iar_startup_nrf51.o [1]
  .text              ro code  0x00000db6    0x2  iar_startup_nrf51.o [1]
  .text              ro code  0x00000db8    0x2  iar_startup_nrf51.o [1]
  .text              ro code  0x00000dba    0x2  iar_startup_nrf51.o [1]
  .text              ro code  0x00000dbc    0x2  iar_startup_nrf51.o [1]
  .text              ro code  0x00000dbe    0x2  iar_startup_nrf51.o [1]
  .text              ro code  0x00000dc0    0x2  iar_startup_nrf51.o [1]
  .text              ro code  0x00000dc2    0x2  iar_startup_nrf51.o [1]
  .text              ro code  0x00000dc4    0x2  iar_startup_nrf51.o [1]
  .text              ro code  0x00000dc6    0x2  iar_startup_nrf51.o [1]
  .rodata            const    0x00000dc8    0x0  packbits_init_single.o [4]
  Initializer bytes  const    0x00000dc8    0xa  <for P2-1>
                            - 0x00000dd2  0xd12

"P2", part 1 of 2:                         0x43
  P2-1                        0x20000000   0x43  <Init block>
    .data            inited   0x20000000    0x4  system_nrf51.o [1]
    .bss             inited   0x20000004   0x14  main.o [1]
    .bss             inited   0x20000018   0x14  main.o [1]
    .bss             inited   0x2000002c   0x14  main.o [1]
    .data            inited   0x20000040    0x1  main.o [1]
    .bss             inited   0x20000041    0x1  main.o [1]
    .bss             inited   0x20000042    0x1  main.o [1]
                            - 0x20000043   0x43

"P2", part 2 of 2:                        0x800
  CSTACK                      0x20000048  0x800  <Block>
    CSTACK           uninit   0x20000048  0x800  <Block tail>
                            - 0x20000848  0x800


*******************************************************************************
*** INIT TABLE
***

          Address     Size
          -------     ----
Copy/packbits (__iar_packbits_init_single3)
    1 source range, total size 0xa (14% of destination):
          0x00000dc8   0xa
    1 destination range, total size 0x43:
          0x20000000  0x43



*******************************************************************************
*** MODULE SUMMARY
***

    Module                  ro code  ro data  rw data
    ------                  -------  -------  -------
C:\Users\CYRIM\Documents\GitHub\Projet_M2_bis\Board\nrf6310\template_project\iar\Debug\Obj: [1]
    iar_startup_nrf51.o         292
    initialization.o            496
    main.o                      656       18       63
    radio_config.o              612
    spi_master.o                684
    system_nrf51.o              240                 4
    uart_debug.o                124
    -------------------------------------------------
    Total:                    3 104       18       67

command line: [2]
    -------------------------------------------------
    Total:

dl6M_tln.a: [3]
    exit.o                        8
    -------------------------------------------------
    Total:                        8

rt6M_tl.a: [4]
    I32DivModFast.o             224
    cexit.o                      10
    cmain.o                      26
    cstartup_M.o                 12
    data_init.o                  40
    packbits_init_single.o       60
    -------------------------------------------------
    Total:                      372

shb_l.a: [5]
    exit.o                       20
    -------------------------------------------------
    Total:                       20

    Linker created                        16    2 048
-----------------------------------------------------
    Grand Total:              3 504       34    2 115


*******************************************************************************
*** ENTRY LIST
***

Entry                      Address   Size  Type      Object
-----                      -------   ----  ----      ------
.iar.init_table$$Base   0x00000d2c          --   Gb  - Linker created -
.iar.init_table$$Limit  0x00000d3c          --   Gb  - Linker created -
?main                   0x00000d3d         Code  Gb  cmain.o [4]
CSTACK$$Base            0x20000048          --   Gb  - Linker created -
CSTACK$$Limit           0x20000848          --   Gb  - Linker created -
GPIOTE_IRQHandler       0x000004d9   0x1c  Code  Gb  main.o [1]
NVIC_DisableIRQ         0x0000037b    0xe  Code  Lc  main.o [1]
NVIC_EnableIRQ          0x0000036d    0xe  Code  Lc  main.o [1]
Region$$Table$$Base     0x00000d2c          --   Gb  - Linker created -
Region$$Table$$Limit    0x00000d3c          --   Gb  - Linker created -
SystemCoreClock         0x20000000    0x4  Data  Gb  system_nrf51.o [1]
SystemInit              0x00000bad   0x28  Code  Gb  system_nrf51.o [1]
TIMER1_IRQHandler       0x000004f5   0xb6  Code  Gb  main.o [1]
TIMER1_IRQHandler::sleep_count
                        0x20000042    0x1  Data  Lc  main.o [1]
__Vectors               0x00000000          --   Gb  iar_startup_nrf51.o [1]
__Vectors_End           0x000000c0         Data  Gb  iar_startup_nrf51.o [1]
__Vectors_Size {Abs}    0x000000c0          --   Gb  iar_startup_nrf51.o [1]
__aeabi_idiv            0x00000895         Code  Gb  I32DivModFast.o [4]
__aeabi_idivmod         0x00000895         Code  Gb  I32DivModFast.o [4]
__aeabi_uidiv           0x0000089b         Code  Gb  I32DivModFast.o [4]
__aeabi_uidivmod        0x0000089b         Code  Gb  I32DivModFast.o [4]
__cmain                 0x00000d3d         Code  Gb  cmain.o [4]
__exit                  0x00000d6d   0x14  Code  Gb  exit.o [5]
__iar_data_init3        0x00000d05   0x28  Code  Gb  data_init.o [4]
__iar_packbits_init_single3
                        0x00000c9d   0x3c  Code  Gb  packbits_init_single.o [4]
__iar_program_start     0x00000d81         Code  Gb  cstartup_M.o [4]
__vector_table          0x00000000         Data  Gb  iar_startup_nrf51.o [1]
_call_main              0x00000d49         Code  Gb  cmain.o [4]
_exit                   0x00000d61         Code  Gb  cexit.o [4]
_main                   0x00000d53         Code  Gb  cmain.o [4]
exit                    0x00000d57    0x8  Code  Gb  exit.o [3]
gpiote_init             0x00000625  0x14e  Code  Gb  initialization.o [1]
is_disabled_in_debug_needed
                        0x00000c45   0x38  Code  Lc  system_nrf51.o [1]
is_manual_peripheral_setup_needed
                        0x00000bd5   0x70  Code  Lc  system_nrf51.o [1]
main                    0x000003ad  0x12c  Code  Gb  main.o [1]
nrf_delay_us            0x00000955   0x1e  Code  Lc  radio_config.o [1]
nrf_gpio_cfg_input      0x00000609   0x12  Code  Lc  initialization.o [1]
nrf_gpio_cfg_input      0x000000cd   0x12  Code  Lc  spi_master.o [1]
nrf_gpio_cfg_output     0x000005fd    0xc  Code  Lc  initialization.o [1]
nrf_gpio_cfg_output     0x000000c1    0xc  Code  Lc  spi_master.o [1]
nrf_gpio_pin_clear      0x0000061b    0xa  Code  Lc  initialization.o [1]
nrf_gpio_pin_clear      0x00000393    0xa  Code  Lc  main.o [1]
nrf_gpio_pin_clear      0x00000949    0xa  Code  Lc  radio_config.o [1]
nrf_gpio_pin_clear      0x000000e9    0xa  Code  Lc  spi_master.o [1]
nrf_gpio_pin_set        0x00000389    0xa  Code  Lc  main.o [1]
nrf_gpio_pin_set        0x000000df    0xa  Code  Lc  spi_master.o [1]
nrf_gpio_pin_toggle     0x0000039d   0x10  Code  Lc  main.o [1]
radio_configure         0x000009e1   0xe0  Code  Gb  radio_config.o [1]
read_ac_value           0x00000303   0x6a  Code  Gb  spi_master.o [1]
read_data               0x000002c3   0x40  Code  Gb  spi_master.o [1]
rf_send                 0x00000ac1   0x7c  Code  Gb  radio_config.o [1]
sample_count            0x20000040    0x1  Data  Gb  main.o [1]
spi_master_init         0x000000f3   0xe6  Code  Gb  spi_master.o [1]
spi_master_tx_rx        0x000001d9   0x84  Code  Gb  spi_master.o [1]
start                   0x20000041    0x1  Data  Gb  main.o [1]
swap_bits               0x00000973   0x2e  Code  Lc  radio_config.o [1]
swap_bytes              0x000009a1   0x40  Code  Lc  radio_config.o [1]
timerSPI_init           0x00000773   0x3c  Code  Gb  initialization.o [1]
uart_config             0x00000827   0x20  Code  Gb  uart_debug.o [1]
uart_put                0x000007ed   0x18  Code  Gb  uart_debug.o [1]
uart_putstring          0x00000805   0x22  Code  Gb  uart_debug.o [1]
write_data              0x00000281   0x42  Code  Gb  spi_master.o [1]
x_acc_samples           0x20000004   0x14  Data  Lc  main.o [1]
y_acc_samples           0x20000018   0x14  Data  Lc  main.o [1]
z_acc_samples           0x2000002c   0x14  Data  Lc  main.o [1]


[1] = C:\Users\CYRIM\Documents\GitHub\Projet_M2_bis\Board\nrf6310\template_project\iar\Debug\Obj
[2] = command line
[3] = dl6M_tln.a
[4] = rt6M_tl.a
[5] = shb_l.a

  3 504 bytes of readonly  code memory
     34 bytes of readonly  data memory
  2 115 bytes of readwrite data memory

Errors: none
Warnings: none
