###############################################################################
#
# IAR ELF Linker V7.80.1.11864/W32 for ARM                20/Jan/2017  13:53:51
# Copyright 2007-2016 IAR Systems AB.
#
#    Output file  =  
#        C:\Users\fabian\Documents\GitHub\Projet_M2_bis\Board\nrf6310\template_project\iar\Debug\Exe\template_project.out
#    Map file     =  
#        C:\Users\fabian\Documents\GitHub\Projet_M2_bis\Board\nrf6310\template_project\iar\Debug\List\template_project.map
#    Command line =  
#        C:\Users\fabian\Documents\GitHub\Projet_M2_bis\Board\nrf6310\template_project\iar\Debug\Obj\adc.o
#        C:\Users\fabian\Documents\GitHub\Projet_M2_bis\Board\nrf6310\template_project\iar\Debug\Obj\iar_startup_nrf51.o
#        C:\Users\fabian\Documents\GitHub\Projet_M2_bis\Board\nrf6310\template_project\iar\Debug\Obj\initialization.o
#        C:\Users\fabian\Documents\GitHub\Projet_M2_bis\Board\nrf6310\template_project\iar\Debug\Obj\main.o
#        C:\Users\fabian\Documents\GitHub\Projet_M2_bis\Board\nrf6310\template_project\iar\Debug\Obj\radio_config.o
#        C:\Users\fabian\Documents\GitHub\Projet_M2_bis\Board\nrf6310\template_project\iar\Debug\Obj\spi_master.o
#        C:\Users\fabian\Documents\GitHub\Projet_M2_bis\Board\nrf6310\template_project\iar\Debug\Obj\system_nrf51.o
#        --redirect _Printf=_PrintfFull --redirect _Scanf=_ScanfFull -o
#        C:\Users\fabian\Documents\GitHub\Projet_M2_bis\Board\nrf6310\template_project\iar\Debug\Exe\template_project.out
#        --map
#        C:\Users\fabian\Documents\GitHub\Projet_M2_bis\Board\nrf6310\template_project\iar\Debug\List\template_project.map
#        --config "C:\Program Files (x86)\IAR Systems\Embedded Workbench
#        7.5\arm\config\linker\NordicSemi\nRF51822_QFAA.icf" --semihosting
#        --entry __iar_program_start --inline --vfe
#
###############################################################################

*******************************************************************************
*** RUNTIME MODEL ATTRIBUTES
***

CppFlavor       = *
__SystemLibrary = DLib


*******************************************************************************
*** PLACEMENT SUMMARY
***

"A0":  place at 0x00000000 { ro section .intvec };
"P1":  place in [from 0x00000000 to 0x0003ffff] { ro };
"P2":  place in [from 0x20000000 to 0x20003fff] { rw, block CSTACK, block HEAP };
initialize by copy { rw };
 { section .intvec };

  Section            Kind        Address   Size  Object
  -------            ----        -------   ----  ------
"A0":                                      0xc0
  .intvec            ro code  0x00000000   0xc0  iar_startup_nrf51.o [1]
                            - 0x000000c0   0xc0

"P1":                                     0xe82
  .text              ro code  0x000000c0  0x334  main.o [1]
  .text              ro code  0x000003f4  0x2e0  initialization.o [1]
  .text              ro code  0x000006d4  0x2ac  spi_master.o [1]
  .text              ro code  0x00000980   0xe0  I32DivModFast.o [4]
  .text              ro code  0x00000a60  0x264  radio_config.o [1]
  .text              ro code  0x00000cc4   0x64  adc.o [1]
  .text              ro code  0x00000d28   0xf0  system_nrf51.o [1]
  .text              ro code  0x00000e18   0x3c  packbits_init_single.o [4]
  .text              ro code  0x00000e54   0x2c  iar_startup_nrf51.o [1]
  .text              ro code  0x00000e80   0x28  data_init.o [4]
  .iar.init_table    const    0x00000ea8   0x10  - Linker created -
  .text              ro code  0x00000eb8   0x1a  cmain.o [4]
  .text              ro code  0x00000ed2    0x8  exit.o [3]
  .text              ro code  0x00000eda    0x2  iar_startup_nrf51.o [1]
  .text              ro code  0x00000edc    0xa  cexit.o [4]
  .text              ro code  0x00000ee6    0x2  iar_startup_nrf51.o [1]
  .text              ro code  0x00000ee8   0x14  exit.o [5]
  .text              ro code  0x00000efc    0xc  cstartup_M.o [4]
  .text              ro code  0x00000f08    0x2  iar_startup_nrf51.o [1]
  .text              ro code  0x00000f0a    0x2  iar_startup_nrf51.o [1]
  .text              ro code  0x00000f0c    0x2  iar_startup_nrf51.o [1]
  .text              ro code  0x00000f0e    0x2  iar_startup_nrf51.o [1]
  .text              ro code  0x00000f10    0x2  iar_startup_nrf51.o [1]
  .text              ro code  0x00000f12    0x2  iar_startup_nrf51.o [1]
  .text              ro code  0x00000f14    0x2  iar_startup_nrf51.o [1]
  .text              ro code  0x00000f16    0x2  iar_startup_nrf51.o [1]
  .text              ro code  0x00000f18    0x2  iar_startup_nrf51.o [1]
  .text              ro code  0x00000f1a    0x2  iar_startup_nrf51.o [1]
  .text              ro code  0x00000f1c    0x2  iar_startup_nrf51.o [1]
  .text              ro code  0x00000f1e    0x2  iar_startup_nrf51.o [1]
  .text              ro code  0x00000f20    0x2  iar_startup_nrf51.o [1]
  .text              ro code  0x00000f22    0x2  iar_startup_nrf51.o [1]
  .text              ro code  0x00000f24    0x2  iar_startup_nrf51.o [1]
  .text              ro code  0x00000f26    0x2  iar_startup_nrf51.o [1]
  .text              ro code  0x00000f28    0x2  iar_startup_nrf51.o [1]
  .text              ro code  0x00000f2a    0x2  iar_startup_nrf51.o [1]
  .text              ro code  0x00000f2c    0x2  iar_startup_nrf51.o [1]
  .text              ro code  0x00000f2e    0x2  iar_startup_nrf51.o [1]
  .text              ro code  0x00000f30    0x2  iar_startup_nrf51.o [1]
  .text              ro code  0x00000f32    0x2  iar_startup_nrf51.o [1]
  .text              ro code  0x00000f34    0x2  iar_startup_nrf51.o [1]
  .text              ro code  0x00000f36    0x2  iar_startup_nrf51.o [1]
  .rodata            const    0x00000f38    0x0  packbits_init_single.o [4]
  Initializer bytes  const    0x00000f38    0xa  <for P2-1>
                            - 0x00000f42  0xe82

"P2", part 1 of 2:                         0x45
  P2-1                        0x20000000   0x45  <Init block>
    .data            inited   0x20000000    0x4  system_nrf51.o [1]
    .bss             inited   0x20000004   0x14  main.o [1]
    .bss             inited   0x20000018   0x14  main.o [1]
    .bss             inited   0x2000002c   0x14  main.o [1]
    .data            inited   0x20000040    0x1  main.o [1]
    .bss             inited   0x20000041    0x1  main.o [1]
    .bss             inited   0x20000042    0x1  main.o [1]
    .bss             inited   0x20000043    0x1  main.o [1]
    .bss             inited   0x20000044    0x1  main.o [1]
                            - 0x20000045   0x45

"P2", part 2 of 2:                        0x800
  CSTACK                      0x20000048  0x800  <Block>
    CSTACK           uninit   0x20000048  0x800  <Block tail>
                            - 0x20000848  0x800


*******************************************************************************
*** INIT TABLE
***

          Address     Size
          -------     ----
Copy/packbits (__iar_packbits_init_single3)
    1 source range, total size 0xa (14% of destination):
          0x00000f38   0xa
    1 destination range, total size 0x45:
          0x20000000  0x45



*******************************************************************************
*** MODULE SUMMARY
***

    Module                  ro code  ro data  rw data
    ------                  -------  -------  -------
C:\Users\fabian\Documents\GitHub\Projet_M2_bis\Board\nrf6310\template_project\iar\Debug\Obj: [1]
    adc.o                       100
    iar_startup_nrf51.o         288
    initialization.o            736
    main.o                      820       10       65
    radio_config.o              612
    spi_master.o                684
    system_nrf51.o              240                 4
    -------------------------------------------------
    Total:                    3 480       10       69

command line: [2]
    -------------------------------------------------
    Total:

dl6M_tln.a: [3]
    exit.o                        8
    -------------------------------------------------
    Total:                        8

rt6M_tl.a: [4]
    I32DivModFast.o             224
    cexit.o                      10
    cmain.o                      26
    cstartup_M.o                 12
    data_init.o                  40
    packbits_init_single.o       60
    -------------------------------------------------
    Total:                      372

shb_l.a: [5]
    exit.o                       20
    -------------------------------------------------
    Total:                       20

    Linker created                        16    2 048
-----------------------------------------------------
    Grand Total:              3 880       26    2 117


*******************************************************************************
*** ENTRY LIST
***

Entry                      Address   Size  Type      Object
-----                      -------   ----  ----      ------
.iar.init_table$$Base   0x00000ea8          --   Gb  - Linker created -
.iar.init_table$$Limit  0x00000eb8          --   Gb  - Linker created -
?main                   0x00000eb9         Code  Gb  cmain.o [4]
CSTACK$$Base            0x20000048          --   Gb  - Linker created -
CSTACK$$Limit           0x20000848          --   Gb  - Linker created -
GPIOTE_IRQHandler       0x00000225   0x42  Code  Gb  main.o [1]
NVIC_DisableIRQ         0x000000cf    0xe  Code  Lc  main.o [1]
NVIC_EnableIRQ          0x000000c1    0xe  Code  Lc  main.o [1]
Region$$Table$$Base     0x00000ea8          --   Gb  - Linker created -
Region$$Table$$Limit    0x00000eb8          --   Gb  - Linker created -
SystemCoreClock         0x20000000    0x4  Data  Gb  system_nrf51.o [1]
SystemInit              0x00000d29   0x28  Code  Gb  system_nrf51.o [1]
TIMER0_IRQHandler       0x00000323   0x60  Code  Gb  main.o [1]
TIMER0_IRQHandler::LED_on
                        0x20000044    0x1  Data  Lc  main.o [1]
TIMER0_IRQHandler::adc_value
                        0x20000043    0x1  Data  Lc  main.o [1]
TIMER1_IRQHandler       0x000002d7   0x4c  Code  Gb  main.o [1]
TIMER2_IRQHandler       0x00000267   0x70  Code  Gb  main.o [1]
__Vectors               0x00000000          --   Gb  iar_startup_nrf51.o [1]
__Vectors_End           0x000000c0         Data  Gb  iar_startup_nrf51.o [1]
__Vectors_Size {Abs}    0x000000c0          --   Gb  iar_startup_nrf51.o [1]
__aeabi_idiv            0x000009ad         Code  Gb  I32DivModFast.o [4]
__aeabi_idivmod         0x000009ad         Code  Gb  I32DivModFast.o [4]
__aeabi_uidiv           0x000009b3         Code  Gb  I32DivModFast.o [4]
__aeabi_uidivmod        0x000009b3         Code  Gb  I32DivModFast.o [4]
__cmain                 0x00000eb9         Code  Gb  cmain.o [4]
__exit                  0x00000ee9   0x14  Code  Gb  exit.o [5]
__iar_data_init3        0x00000e81   0x28  Code  Gb  data_init.o [4]
__iar_packbits_init_single3
                        0x00000e19   0x3c  Code  Gb  packbits_init_single.o [4]
__iar_program_start     0x00000efd         Code  Gb  cstartup_M.o [4]
__vector_table          0x00000000         Data  Gb  iar_startup_nrf51.o [1]
_call_main              0x00000ec5         Code  Gb  cmain.o [4]
_exit                   0x00000edd         Code  Gb  cexit.o [4]
_main                   0x00000ecf         Code  Gb  cmain.o [4]
exit                    0x00000ed3    0x8  Code  Gb  exit.o [3]
gpiote_init             0x00000435  0x160  Code  Gb  initialization.o [1]
is_disabled_in_debug_needed
                        0x00000dc1   0x38  Code  Lc  system_nrf51.o [1]
is_manual_peripheral_setup_needed
                        0x00000d51   0x70  Code  Lc  system_nrf51.o [1]
main                    0x00000101  0x124  Code  Gb  main.o [1]
nrf_delay_us            0x00000a6d   0x1e  Code  Lc  radio_config.o [1]
nrf_gpio_cfg_input      0x000006e1   0x12  Code  Lc  spi_master.o [1]
nrf_gpio_cfg_output     0x000003f5    0xc  Code  Lc  initialization.o [1]
nrf_gpio_cfg_output     0x000006d5    0xc  Code  Lc  spi_master.o [1]
nrf_gpio_pin_clear      0x00000ccf    0xa  Code  Lc  adc.o [1]
nrf_gpio_pin_clear      0x00000401    0xa  Code  Lc  initialization.o [1]
nrf_gpio_pin_clear      0x000000e7    0xa  Code  Lc  main.o [1]
nrf_gpio_pin_clear      0x00000a61    0xa  Code  Lc  radio_config.o [1]
nrf_gpio_pin_clear      0x000006fd    0xa  Code  Lc  spi_master.o [1]
nrf_gpio_pin_set        0x00000cc5    0xa  Code  Lc  adc.o [1]
nrf_gpio_pin_set        0x000000dd    0xa  Code  Lc  main.o [1]
nrf_gpio_pin_set        0x000006f3    0xa  Code  Lc  spi_master.o [1]
nrf_gpio_pin_toggle     0x000000f1   0x10  Code  Lc  main.o [1]
nrf_gpiote_event_config
                        0x0000040b   0x2a  Code  Lc  initialization.o [1]
pulse_count             0x20000041    0x1  Data  Gb  main.o [1]
radio_configure         0x00000af9   0xe0  Code  Gb  radio_config.o [1]
read_ac_value           0x00000917   0x6a  Code  Gb  spi_master.o [1]
read_data               0x000008d7   0x40  Code  Gb  spi_master.o [1]
rf_send                 0x00000bd9   0x7c  Code  Gb  radio_config.o [1]
sample_count            0x20000040    0x1  Data  Gb  main.o [1]
spi_master_init         0x00000707   0xe6  Code  Gb  spi_master.o [1]
spi_master_tx_rx        0x000007ed   0x84  Code  Gb  spi_master.o [1]
start                   0x20000042    0x1  Data  Gb  main.o [1]
start_sampling          0x00000cd9   0x34  Code  Gb  adc.o [1]
swap_bits               0x00000a8b   0x2e  Code  Lc  radio_config.o [1]
swap_bytes              0x00000ab9   0x40  Code  Lc  radio_config.o [1]
timerADC_init           0x0000060b   0x3a  Code  Gb  initialization.o [1]
timerSPI_init           0x000005cf   0x3c  Code  Gb  initialization.o [1]
timerVib_init           0x00000595   0x3a  Code  Gb  initialization.o [1]
write_data              0x00000895   0x42  Code  Gb  spi_master.o [1]
x_acc_samples           0x20000004   0x14  Data  Lc  main.o [1]
y_acc_samples           0x20000018   0x14  Data  Lc  main.o [1]
z_acc_samples           0x2000002c   0x14  Data  Lc  main.o [1]


[1] = C:\Users\fabian\Documents\GitHub\Projet_M2_bis\Board\nrf6310\template_project\iar\Debug\Obj
[2] = command line
[3] = dl6M_tln.a
[4] = rt6M_tl.a
[5] = shb_l.a

  3 880 bytes of readonly  code memory
     26 bytes of readonly  data memory
  2 117 bytes of readwrite data memory

Errors: none
Warnings: none
