###############################################################################
#
# IAR ELF Linker V7.80.1.11864/W32 for ARM                21/Mar/2017  16:06:58
# Copyright 2007-2016 IAR Systems AB.
#
#    Output file  =  
#        C:\Users\fabian\Documents\GitHub\Projet_M2_bis\Board\nrf6310\template_project\iar\Debug\Exe\template_project.out
#    Map file     =  
#        C:\Users\fabian\Documents\GitHub\Projet_M2_bis\Board\nrf6310\template_project\iar\Debug\List\template_project.map
#    Command line =  
#        C:\Users\fabian\Documents\GitHub\Projet_M2_bis\Board\nrf6310\template_project\iar\Debug\Obj\adc.o
#        C:\Users\fabian\Documents\GitHub\Projet_M2_bis\Board\nrf6310\template_project\iar\Debug\Obj\iar_startup_nrf51.o
#        C:\Users\fabian\Documents\GitHub\Projet_M2_bis\Board\nrf6310\template_project\iar\Debug\Obj\initialization.o
#        C:\Users\fabian\Documents\GitHub\Projet_M2_bis\Board\nrf6310\template_project\iar\Debug\Obj\main.o
#        C:\Users\fabian\Documents\GitHub\Projet_M2_bis\Board\nrf6310\template_project\iar\Debug\Obj\radio_config.o
#        C:\Users\fabian\Documents\GitHub\Projet_M2_bis\Board\nrf6310\template_project\iar\Debug\Obj\spi_master.o
#        C:\Users\fabian\Documents\GitHub\Projet_M2_bis\Board\nrf6310\template_project\iar\Debug\Obj\system_nrf51.o
#        C:\Users\fabian\Documents\GitHub\Projet_M2_bis\Board\nrf6310\template_project\iar\Debug\Obj\uart_debug.o
#        --redirect _Printf=_PrintfFull --redirect _Scanf=_ScanfFull -o
#        C:\Users\fabian\Documents\GitHub\Projet_M2_bis\Board\nrf6310\template_project\iar\Debug\Exe\template_project.out
#        --map
#        C:\Users\fabian\Documents\GitHub\Projet_M2_bis\Board\nrf6310\template_project\iar\Debug\List\template_project.map
#        --config "C:\Program Files (x86)\IAR Systems\Embedded Workbench
#        7.5\arm\config\linker\NordicSemi\nRF51822_QFAA.icf" --semihosting
#        --entry __iar_program_start --inline --vfe
#
###############################################################################

*******************************************************************************
*** RUNTIME MODEL ATTRIBUTES
***

CppFlavor       = *
__SystemLibrary = DLib


*******************************************************************************
*** PLACEMENT SUMMARY
***

"A0":  place at 0x00000000 { ro section .intvec };
"P1":  place in [from 0x00000000 to 0x0003ffff] { ro };
"P2":  place in [from 0x20000000 to 0x20003fff] { rw, block CSTACK, block HEAP };
initialize by copy { rw };
 { section .intvec };

  Section            Kind        Address   Size  Object
  -------            ----        -------   ----  ------
"A0":                                      0xc0
  .intvec            ro code  0x00000000   0xc0  iar_startup_nrf51.o [1]
                            - 0x000000c0   0xc0

"P1":                                     0xe8e
  .text              ro code  0x000000c0  0x32c  main.o [1]
  .text              ro code  0x000003ec  0x2dc  initialization.o [1]
  .text              ro code  0x000006c8   0xa0  adc.o [1]
  .text              ro code  0x00000768  0x2b0  spi_master.o [1]
  .text              ro code  0x00000a18   0xe0  I32DivModFast.o [4]
  .text              ro code  0x00000af8  0x23c  radio_config.o [1]
  .text              ro code  0x00000d34   0xf0  system_nrf51.o [1]
  .text              ro code  0x00000e24   0x3c  packbits_init_single.o [4]
  .text              ro code  0x00000e60   0x2c  iar_startup_nrf51.o [1]
  .text              ro code  0x00000e8c   0x28  data_init.o [4]
  .iar.init_table    const    0x00000eb4   0x10  - Linker created -
  .text              ro code  0x00000ec4   0x1a  cmain.o [4]
  .text              ro code  0x00000ede    0x8  exit.o [3]
  .text              ro code  0x00000ee6    0x2  iar_startup_nrf51.o [1]
  .text              ro code  0x00000ee8    0xa  cexit.o [4]
  .text              ro code  0x00000ef2    0x2  iar_startup_nrf51.o [1]
  .text              ro code  0x00000ef4   0x14  exit.o [5]
  .text              ro code  0x00000f08    0xc  cstartup_M.o [4]
  .text              ro code  0x00000f14    0x2  iar_startup_nrf51.o [1]
  .text              ro code  0x00000f16    0x2  iar_startup_nrf51.o [1]
  .text              ro code  0x00000f18    0x2  iar_startup_nrf51.o [1]
  .text              ro code  0x00000f1a    0x2  iar_startup_nrf51.o [1]
  .text              ro code  0x00000f1c    0x2  iar_startup_nrf51.o [1]
  .text              ro code  0x00000f1e    0x2  iar_startup_nrf51.o [1]
  .text              ro code  0x00000f20    0x2  iar_startup_nrf51.o [1]
  .text              ro code  0x00000f22    0x2  iar_startup_nrf51.o [1]
  .text              ro code  0x00000f24    0x2  iar_startup_nrf51.o [1]
  .text              ro code  0x00000f26    0x2  iar_startup_nrf51.o [1]
  .text              ro code  0x00000f28    0x2  iar_startup_nrf51.o [1]
  .text              ro code  0x00000f2a    0x2  iar_startup_nrf51.o [1]
  .text              ro code  0x00000f2c    0x2  iar_startup_nrf51.o [1]
  .text              ro code  0x00000f2e    0x2  iar_startup_nrf51.o [1]
  .text              ro code  0x00000f30    0x2  iar_startup_nrf51.o [1]
  .text              ro code  0x00000f32    0x2  iar_startup_nrf51.o [1]
  .text              ro code  0x00000f34    0x2  iar_startup_nrf51.o [1]
  .text              ro code  0x00000f36    0x2  iar_startup_nrf51.o [1]
  .text              ro code  0x00000f38    0x2  iar_startup_nrf51.o [1]
  .text              ro code  0x00000f3a    0x2  iar_startup_nrf51.o [1]
  .text              ro code  0x00000f3c    0x2  iar_startup_nrf51.o [1]
  .text              ro code  0x00000f3e    0x2  iar_startup_nrf51.o [1]
  .text              ro code  0x00000f40    0x2  iar_startup_nrf51.o [1]
  .text              ro code  0x00000f42    0x2  iar_startup_nrf51.o [1]
  .rodata            const    0x00000f44    0x0  packbits_init_single.o [4]
  Initializer bytes  const    0x00000f44    0xa  <for P2-1>
                            - 0x00000f4e  0xe8e

"P2", part 1 of 2:                         0x2f
  P2-1                        0x20000000   0x2f  <Init block>
    .data            inited   0x20000000    0x4  system_nrf51.o [1]
    .bss             inited   0x20000004    0xc  main.o [1]
    .bss             inited   0x20000010    0xc  main.o [1]
    .bss             inited   0x2000001c    0xc  main.o [1]
    .bss             inited   0x20000028    0x2  main.o [1]
    .data            inited   0x2000002a    0x1  main.o [1]
    .bss             inited   0x2000002b    0x1  main.o [1]
    .bss             inited   0x2000002c    0x1  main.o [1]
    .bss             inited   0x2000002d    0x1  main.o [1]
    .bss             inited   0x2000002e    0x1  main.o [1]
                            - 0x2000002f   0x2f

"P2", part 2 of 2:                        0x800
  CSTACK                      0x20000030  0x800  <Block>
    CSTACK           uninit   0x20000030  0x800  <Block tail>
                            - 0x20000830  0x800


*******************************************************************************
*** INIT TABLE
***

          Address     Size
          -------     ----
Copy/packbits (__iar_packbits_init_single3)
    1 source range, total size 0xa (21% of destination):
          0x00000f44   0xa
    1 destination range, total size 0x2f:
          0x20000000  0x2f



*******************************************************************************
*** MODULE SUMMARY
***

    Module                  ro code  ro data  rw data
    ------                  -------  -------  -------
C:\Users\fabian\Documents\GitHub\Projet_M2_bis\Board\nrf6310\template_project\iar\Debug\Obj: [1]
    adc.o                       160
    iar_startup_nrf51.o         288
    initialization.o            732
    main.o                      812       10       43
    radio_config.o              572
    spi_master.o                688
    system_nrf51.o              240                 4
    -------------------------------------------------
    Total:                    3 492       10       47

command line: [2]
    -------------------------------------------------
    Total:

dl6M_tln.a: [3]
    exit.o                        8
    -------------------------------------------------
    Total:                        8

rt6M_tl.a: [4]
    I32DivModFast.o             224
    cexit.o                      10
    cmain.o                      26
    cstartup_M.o                 12
    data_init.o                  40
    packbits_init_single.o       60
    -------------------------------------------------
    Total:                      372

shb_l.a: [5]
    exit.o                       20
    -------------------------------------------------
    Total:                       20

    Linker created                        16    2 048
-----------------------------------------------------
    Grand Total:              3 892       26    2 095


*******************************************************************************
*** ENTRY LIST
***

Entry                      Address   Size  Type      Object
-----                      -------   ----  ----      ------
.iar.init_table$$Base   0x00000eb4          --   Gb  - Linker created -
.iar.init_table$$Limit  0x00000ec4          --   Gb  - Linker created -
?main                   0x00000ec5         Code  Gb  cmain.o [4]
CSTACK$$Base            0x20000030          --   Gb  - Linker created -
CSTACK$$Limit           0x20000830          --   Gb  - Linker created -
GPIOTE_IRQHandler       0x00000145   0x1a  Code  Gb  main.o [1]
IMU_OFF                 0x00000945   0x14  Code  Gb  spi_master.o [1]
IMU_ON                  0x00000959   0x14  Code  Gb  spi_master.o [1]
NVIC_EnableIRQ          0x000000c1    0xe  Code  Lc  main.o [1]
Region$$Table$$Base     0x00000eb4          --   Gb  - Linker created -
Region$$Table$$Limit    0x00000ec4          --   Gb  - Linker created -
SystemCoreClock         0x20000000    0x4  Data  Gb  system_nrf51.o [1]
SystemInit              0x00000d35   0x28  Code  Gb  system_nrf51.o [1]
TIMER0_IRQHandler       0x000001c3   0x5a  Code  Gb  main.o [1]
TIMER0_IRQHandler::LED_on
                        0x2000002d    0x1  Data  Lc  main.o [1]
TIMER1_IRQHandler       0x0000015f   0x64  Code  Gb  main.o [1]
TIMER1_IRQHandler::sleep_count
                        0x2000002c    0x1  Data  Lc  main.o [1]
TIMER2_IRQHandler       0x0000021d  0x168  Code  Gb  main.o [1]
TIMER2_IRQHandler{1}{2}::adc_count
                        0x20000028    0x2  Data  Lc  main.o [1]
TIMER2_IRQHandler{1}{2}::adc_value
                        0x2000002e    0x1  Data  Lc  main.o [1]
__Vectors               0x00000000          --   Gb  iar_startup_nrf51.o [1]
__Vectors_End           0x000000c0         Data  Gb  iar_startup_nrf51.o [1]
__Vectors_Size {Abs}    0x000000c0          --   Gb  iar_startup_nrf51.o [1]
__aeabi_idiv            0x00000a45         Code  Gb  I32DivModFast.o [4]
__aeabi_idivmod         0x00000a45         Code  Gb  I32DivModFast.o [4]
__aeabi_uidiv           0x00000a4b         Code  Gb  I32DivModFast.o [4]
__aeabi_uidivmod        0x00000a4b         Code  Gb  I32DivModFast.o [4]
__cmain                 0x00000ec5         Code  Gb  cmain.o [4]
__exit                  0x00000ef5   0x14  Code  Gb  exit.o [5]
__iar_data_init3        0x00000e8d   0x28  Code  Gb  data_init.o [4]
__iar_packbits_init_single3
                        0x00000e25   0x3c  Code  Gb  packbits_init_single.o [4]
__iar_program_start     0x00000f09         Code  Gb  cstartup_M.o [4]
__vector_table          0x00000000         Data  Gb  iar_startup_nrf51.o [1]
_call_main              0x00000ed1         Code  Gb  cmain.o [4]
_exit                   0x00000ee9         Code  Gb  cexit.o [4]
_main                   0x00000edb         Code  Gb  cmain.o [4]
exit                    0x00000edf    0x8  Code  Gb  exit.o [3]
gpiot_init              0x00000433  0x166  Code  Gb  initialization.o [1]
init_IMU                0x00000929   0x1c  Code  Gb  spi_master.o [1]
init_adc                0x000006fb   0x10  Code  Gb  adc.o [1]
is_disabled_in_debug_needed
                        0x00000dcd   0x38  Code  Lc  system_nrf51.o [1]
is_manual_peripheral_setup_needed
                        0x00000d5d   0x70  Code  Lc  system_nrf51.o [1]
main                    0x000000f7   0x4e  Code  Gb  main.o [1]
nrf_delay_us            0x000006dd   0x1e  Code  Lc  adc.o [1]
nrf_delay_us            0x00000415   0x1e  Code  Lc  initialization.o [1]
nrf_delay_us            0x000000d9   0x1e  Code  Lc  main.o [1]
nrf_gpio_cfg_input      0x000003f9   0x12  Code  Lc  initialization.o [1]
nrf_gpio_cfg_input      0x00000775   0x12  Code  Lc  spi_master.o [1]
nrf_gpio_cfg_output     0x000003ed    0xc  Code  Lc  initialization.o [1]
nrf_gpio_cfg_output     0x00000769    0xc  Code  Lc  spi_master.o [1]
nrf_gpio_pin_clear      0x000006d3    0xa  Code  Lc  adc.o [1]
nrf_gpio_pin_clear      0x0000040b    0xa  Code  Lc  initialization.o [1]
nrf_gpio_pin_clear      0x000000cf    0xa  Code  Lc  main.o [1]
nrf_gpio_pin_clear      0x00000791    0xa  Code  Lc  spi_master.o [1]
nrf_gpio_pin_set        0x000006c9    0xa  Code  Lc  adc.o [1]
nrf_gpio_pin_set        0x00000787    0xa  Code  Lc  spi_master.o [1]
nrf_gpio_pin_toggle     0x00000af9   0x10  Code  Lc  radio_config.o [1]
radio_configure         0x00000b77   0xe0  Code  Gb  radio_config.o [1]
read_ac_value           0x000009af   0x6a  Code  Gb  spi_master.o [1]
rf_send                 0x00000c57   0x6e  Code  Gb  radio_config.o [1]
sample_count            0x2000002a    0x1  Data  Gb  main.o [1]
spi_master_init         0x0000079b   0xe6  Code  Gb  spi_master.o [1]
spi_master_tx_rx        0x00000881   0x84  Code  Gb  spi_master.o [1]
start                   0x2000002b    0x1  Data  Gb  main.o [1]
start_sampling          0x0000070b   0x38  Code  Gb  adc.o [1]
swap_bits               0x00000b09   0x2e  Code  Lc  radio_config.o [1]
swap_bytes              0x00000b37   0x40  Code  Lc  radio_config.o [1]
timerADC_init           0x0000060f   0x3a  Code  Gb  initialization.o [1]
timerSPI_init           0x000005d3   0x3c  Code  Gb  initialization.o [1]
timerVib_init           0x00000599   0x3a  Code  Gb  initialization.o [1]
write_data              0x0000096d   0x42  Code  Gb  spi_master.o [1]
x_acc_samples           0x20000004    0xc  Data  Lc  main.o [1]
y_acc_samples           0x20000010    0xc  Data  Lc  main.o [1]
z_acc_samples           0x2000001c    0xc  Data  Lc  main.o [1]


[1] = C:\Users\fabian\Documents\GitHub\Projet_M2_bis\Board\nrf6310\template_project\iar\Debug\Obj
[2] = command line
[3] = dl6M_tln.a
[4] = rt6M_tl.a
[5] = shb_l.a

  3 892 bytes of readonly  code memory
     26 bytes of readonly  data memory
  2 095 bytes of readwrite data memory

Errors: none
Warnings: none
